// Jest Snapshot v1, https://goo.gl/fbAQLP

exports[`SectionHeaderTitle matches snapshot 1`] = `
<styled.span
  colorName="gray900"
  kind="headingM"
>
  Users
</styled.span>
`;
