// Jest Snapshot v1, https://goo.gl/fbAQLP

exports[`Friends matches snapshot when no users 1`] = `null`;
