// Jest Snapshot v1, https://goo.gl/fbAQLP

exports[`Scroll matches snapshot 1`] = `
.c0 {
  display: flex;
  min-height: 0;
  min-width: 0;
  align-items: stretch;
  flex-basis: auto;
  flex-direction: column;
  flex-grow: 0;
  justify-content: flex-start;
  flex-shrink: 0;
  flex-wrap: nowrap;
}

.c1 {
  overflow-y: auto;
}

<div
  class="c0 c1"
  direction="column"
  wrap="nowrap"
/>
`;
