// Jest Snapshot v1, https://goo.gl/fbAQLP

exports[`Footer matches snapshot 1`] = `
<styled.div
  background="gray900"
  p={16}
>
  <styled.div>
    <styled.span
      colorName="white"
      kind="bodyM"
    >
      Â© 
      2020
    </styled.span>
  </styled.div>
</styled.div>
`;
