// Jest Snapshot v1, https://goo.gl/fbAQLP

exports[`UserListItemRemoveButton matches snapshot 1`] = `
<Button
  onClick={[Function]}
  type="button"
>
  Remove
</Button>
`;
