// Jest Snapshot v1, https://goo.gl/fbAQLP

exports[`SectionBody matches snapshot 1`] = `
<styled.div
  as="section"
  direction="column"
>
  <div />
</styled.div>
`;
